
host alm01

host alm01

host alm01

host alm01

host alm01

host alm01

host alm01
message: 6 12 sender: 6
message: 3 12 sender: 3
message: 2 12 sender: 2
message: 1 12 sender: 1
message: 11 12 sender: 11
message: 4 12 sender: 4
message: 9 12 sender: 9
message: 8 12 sender: 8
message: 10 12 sender: 10
message: 7 12 sender: 7
message: 5 12 sender: 5

host alm01

host alm01

host alm01

host alm01

host alm01
